// Jest Snapshot v1, https://goo.gl/fbAQLP

exports[`SideNav renders correctly 1`] = `
ShallowWrapper {
  Symbol(enzyme.__root__): [Circular],
  Symbol(enzyme.__unrendered__): <SideNav />,
  Symbol(enzyme.__renderer__): Object {
    "batchedUpdates": [Function],
    "checkPropTypes": [Function],
    "getNode": [Function],
    "render": [Function],
    "simulateError": [Function],
    "simulateEvent": [Function],
    "unmount": [Function],
  },
  Symbol(enzyme.__node__): Object {
    "instance": null,
    "key": undefined,
    "nodeType": "host",
    "props": Object {
      "children": Array [
        <NavLink
          activeClassName="active"
          aria-current="page"
          to="/"
        >
          Home
        </NavLink>,
        <NavLink
          activeClassName="active"
          aria-current="page"
          to="/projects"
        >
          Projects
        </NavLink>,
        <NavLink
          activeClassName="active"
          aria-current="page"
          to="/resume"
        >
          Resume
        </NavLink>,
        <NavLink
          activeClassName="active"
          aria-current="page"
          to="/contact"
        >
          Contact
        </NavLink>,
        <div
          id="sideNavControl"
        />,
      ],
      "id": "sideNav",
    },
    "ref": null,
    "rendered": Array [
      Object {
        "instance": null,
        "key": undefined,
        "nodeType": "function",
        "props": Object {
          "activeClassName": "active",
          "aria-current": "page",
          "children": "Home",
          "to": "/",
        },
        "ref": null,
        "rendered": "Home",
        "type": [Function],
      },
      Object {
        "instance": null,
        "key": undefined,
        "nodeType": "function",
        "props": Object {
          "activeClassName": "active",
          "aria-current": "page",
          "children": "Projects",
          "to": "/projects",
        },
        "ref": null,
        "rendered": "Projects",
        "type": [Function],
      },
      Object {
        "instance": null,
        "key": undefined,
        "nodeType": "function",
        "props": Object {
          "activeClassName": "active",
          "aria-current": "page",
          "children": "Resume",
          "to": "/resume",
        },
        "ref": null,
        "rendered": "Resume",
        "type": [Function],
      },
      Object {
        "instance": null,
        "key": undefined,
        "nodeType": "function",
        "props": Object {
          "activeClassName": "active",
          "aria-current": "page",
          "children": "Contact",
          "to": "/contact",
        },
        "ref": null,
        "rendered": "Contact",
        "type": [Function],
      },
      Object {
        "instance": null,
        "key": undefined,
        "nodeType": "host",
        "props": Object {
          "id": "sideNavControl",
        },
        "ref": null,
        "rendered": null,
        "type": "div",
      },
    ],
    "type": "div",
  },
  Symbol(enzyme.__nodes__): Array [
    Object {
      "instance": null,
      "key": undefined,
      "nodeType": "host",
      "props": Object {
        "children": Array [
          <NavLink
            activeClassName="active"
            aria-current="page"
            to="/"
          >
            Home
          </NavLink>,
          <NavLink
            activeClassName="active"
            aria-current="page"
            to="/projects"
          >
            Projects
          </NavLink>,
          <NavLink
            activeClassName="active"
            aria-current="page"
            to="/resume"
          >
            Resume
          </NavLink>,
          <NavLink
            activeClassName="active"
            aria-current="page"
            to="/contact"
          >
            Contact
          </NavLink>,
          <div
            id="sideNavControl"
          />,
        ],
        "id": "sideNav",
      },
      "ref": null,
      "rendered": Array [
        Object {
          "instance": null,
          "key": undefined,
          "nodeType": "function",
          "props": Object {
            "activeClassName": "active",
            "aria-current": "page",
            "children": "Home",
            "to": "/",
          },
          "ref": null,
          "rendered": "Home",
          "type": [Function],
        },
        Object {
          "instance": null,
          "key": undefined,
          "nodeType": "function",
          "props": Object {
            "activeClassName": "active",
            "aria-current": "page",
            "children": "Projects",
            "to": "/projects",
          },
          "ref": null,
          "rendered": "Projects",
          "type": [Function],
        },
        Object {
          "instance": null,
          "key": undefined,
          "nodeType": "function",
          "props": Object {
            "activeClassName": "active",
            "aria-current": "page",
            "children": "Resume",
            "to": "/resume",
          },
          "ref": null,
          "rendered": "Resume",
          "type": [Function],
        },
        Object {
          "instance": null,
          "key": undefined,
          "nodeType": "function",
          "props": Object {
            "activeClassName": "active",
            "aria-current": "page",
            "children": "Contact",
            "to": "/contact",
          },
          "ref": null,
          "rendered": "Contact",
          "type": [Function],
        },
        Object {
          "instance": null,
          "key": undefined,
          "nodeType": "host",
          "props": Object {
            "id": "sideNavControl",
          },
          "ref": null,
          "rendered": null,
          "type": "div",
        },
      ],
      "type": "div",
    },
  ],
  Symbol(enzyme.__options__): Object {
    "adapter": ReactSixteenAdapter {
      "options": Object {
        "enableComponentDidUpdateOnSetState": true,
        "legacyContextMode": "parent",
        "lifecycles": Object {
          "componentDidUpdate": Object {
            "onSetState": true,
          },
          "getChildContext": Object {
            "calledByRenderer": false,
          },
          "getDerivedStateFromProps": true,
          "getSnapshotBeforeUpdate": true,
          "setState": Object {
            "skipsComponentDidUpdateOnNullish": true,
          },
        },
      },
    },
  },
}
`;
